package lgo_exec

import pkg0 "os"
import (
	_ "fmt"
	_ "log"
	_ "image/png"
	"io/ioutil"
)
func lgo_init() {

	f, _ = ioutil.TempFile("a", "b")
}
var (
	f *pkg0.File
)
