package lgo_exec

import pkg0 "lgo/pkg0"
import pkg1 "github.com/yunabe/lgo/core"

func Def_myFunc() {
	a := Ref_pkg0.f(3)
	s := Ref_pkg0.st{Ref_value: a}
	var i interface{} = &s
	i.(*Ref_pkg0.st).Ref_getValue()
}
func lgo_init() {
	Ref_a = pkg0.Ref_f(3)
	Ref_s = pkg0.Ref_st{Ref_value: 20}
	Ref_i = &Ref_s
	pkg1.LgoPrintln(Ref_i.(*pkg0.Ref_st).Ref_getValue())
}

var (
	Def_a int
	Def_s pkg0.Ref_st
	Def_i interface{}
)
